// Jest Snapshot v1, https://goo.gl/fbAQLP

exports[`LoginScreen matches snapshot 1`] = `
<RCTSafeAreaView
  style={
    {
      "backgroundColor": "#1F2937",
      "flex": 1,
    }
  }
>
  <View
    onLayout={[Function]}
    style={
      [
        {
          "flex": 1,
        },
        {
          "paddingBottom": 0,
        },
      ]
    }
  >
    <RCTScrollView
      contentContainerStyle={
        {
          "flexGrow": 1,
          "minHeight": "100%",
          "paddingBottom": 60,
          "paddingHorizontal": 24,
          "paddingTop": 60,
        }
      }
      keyboardShouldPersistTaps="handled"
      showsVerticalScrollIndicator={false}
    >
      <View>
        <View
          style={
            {
              "alignItems": "center",
              "marginBottom": 40,
            }
          }
        >
          <View
            style={
              {
                "alignItems": "center",
              }
            }
          >
            <View
              style={
                {
                  "alignItems": "center",
                  "justifyContent": "center",
                }
              }
            >
              <Image
                resizeMode="contain"
                source="FileMock"
                style={
                  {
                    "height": 50,
                    "width": 120,
                  }
                }
              />
            </View>
            <Text
              style={
                {
                  "color": "#FFFFFF",
                  "fontSize": 24,
                  "fontWeight": "600",
                  "marginTop": 8,
                }
              }
            >
              SnapTracker
            </Text>
          </View>
        </View>
        <View
          style={
            {
              "alignItems": "center",
              "marginBottom": 40,
            }
          }
        >
          <Text
            style={
              {
                "color": "#FFFFFF",
                "fontSize": 20,
                "fontWeight": "600",
                "marginBottom": 8,
                "textAlign": "center",
              }
            }
          >
            Admin Registration Portal
          </Text>
          <Text
            style={
              {
                "color": "#9CA3AF",
                "fontSize": 14,
                "lineHeight": 20,
                "textAlign": "center",
              }
            }
          >
            Sign in to manage device registrations
          </Text>
        </View>
        <View
          style={
            {
              "flex": 0,
              "minHeight": 200,
            }
          }
        >
          <View
            style={
              {
                "marginBottom": 20,
              }
            }
          >
            <Text
              style={
                {
                  "color": "#D1D5DB",
                  "fontSize": 14,
                  "fontWeight": "500",
                  "marginBottom": 8,
                }
              }
            >
              Username
            </Text>
            <TextInput
              autoCapitalize="none"
              autoCorrect={false}
              onChangeText={[Function]}
              placeholder="Enter your username"
              placeholderTextColor="#6B7280"
              style={
                {
                  "backgroundColor": "#374151",
                  "borderColor": "#4B5563",
                  "borderRadius": 8,
                  "borderWidth": 1,
                  "color": "#FFFFFF",
                  "fontSize": 16,
                  "paddingHorizontal": 16,
                  "paddingVertical": 14,
                }
              }
              testID="username-input"
              value=""
            />
          </View>
          <View
            style={
              {
                "marginBottom": 20,
              }
            }
          >
            <Text
              style={
                {
                  "color": "#D1D5DB",
                  "fontSize": 14,
                  "fontWeight": "500",
                  "marginBottom": 8,
                }
              }
            >
              Password
            </Text>
            <View
              style={
                {
                  "position": "relative",
                }
              }
            >
              <TextInput
                autoCapitalize="none"
                autoCorrect={false}
                onChangeText={[Function]}
                placeholder="Enter your password"
                placeholderTextColor="#6B7280"
                secureTextEntry={true}
                style={
                  {
                    "backgroundColor": "#374151",
                    "borderColor": "#4B5563",
                    "borderRadius": 8,
                    "borderWidth": 1,
                    "color": "#FFFFFF",
                    "fontSize": 16,
                    "paddingHorizontal": 16,
                    "paddingRight": 50,
                    "paddingVertical": 14,
                  }
                }
                testID="password-input"
                value=""
              />
              <View
                accessibilityState={
                  {
                    "busy": undefined,
                    "checked": undefined,
                    "disabled": undefined,
                    "expanded": undefined,
                    "selected": undefined,
                  }
                }
                accessibilityValue={
                  {
                    "max": undefined,
                    "min": undefined,
                    "now": undefined,
                    "text": undefined,
                  }
                }
                accessible={true}
                collapsable={false}
                focusable={true}
                onClick={[Function]}
                onResponderGrant={[Function]}
                onResponderMove={[Function]}
                onResponderRelease={[Function]}
                onResponderTerminate={[Function]}
                onResponderTerminationRequest={[Function]}
                onStartShouldSetResponder={[Function]}
                style={
                  {
                    "alignItems": "center",
                    "justifyContent": "center",
                    "opacity": 1,
                    "padding": 4,
                    "position": "absolute",
                    "right": 16,
                    "top": 14,
                  }
                }
                testID="toggle-password-visibility"
              >
                <View
                  style={
                    [
                      {
                        "alignItems": "center",
                        "justifyContent": "center",
                      },
                      {
                        "height": 20,
                        "width": 20,
                      },
                    ]
                  }
                >
                  <svg
                    fill="#9CA3AF"
                    height={20}
                    width={20}
                  />
                </View>
              </View>
            </View>
          </View>
          <View
            accessibilityState={
              {
                "busy": undefined,
                "checked": undefined,
                "disabled": true,
                "expanded": undefined,
                "selected": undefined,
              }
            }
            accessibilityValue={
              {
                "max": undefined,
                "min": undefined,
                "now": undefined,
                "text": undefined,
              }
            }
            accessible={true}
            collapsable={false}
            focusable={false}
            onClick={[Function]}
            onResponderGrant={[Function]}
            onResponderMove={[Function]}
            onResponderRelease={[Function]}
            onResponderTerminate={[Function]}
            onResponderTerminationRequest={[Function]}
            onStartShouldSetResponder={[Function]}
            style={
              {
                "alignItems": "center",
                "backgroundColor": "#6B7280",
                "borderRadius": 8,
                "marginBottom": 32,
                "marginTop": 8,
                "opacity": 0.6,
                "paddingVertical": 16,
              }
            }
            testID="sign-in-button"
          >
            <Text
              style={
                [
                  {
                    "color": "#FFFFFF",
                    "fontSize": 16,
                    "fontWeight": "600",
                  },
                  {
                    "color": "#D1D5DB",
                  },
                ]
              }
            >
              Sign In
            </Text>
          </View>
          <View
            accessibilityState={
              {
                "busy": undefined,
                "checked": undefined,
                "disabled": undefined,
                "expanded": undefined,
                "selected": undefined,
              }
            }
            accessibilityValue={
              {
                "max": undefined,
                "min": undefined,
                "now": undefined,
                "text": undefined,
              }
            }
            accessible={true}
            collapsable={false}
            focusable={true}
            onClick={[Function]}
            onResponderGrant={[Function]}
            onResponderMove={[Function]}
            onResponderRelease={[Function]}
            onResponderTerminate={[Function]}
            onResponderTerminationRequest={[Function]}
            onStartShouldSetResponder={[Function]}
            style={
              {
                "opacity": 1,
              }
            }
          >
            <Text
              style={
                {
                  "color": "#3B82F6",
                  "fontSize": 14,
                  "paddingVertical": 8,
                  "textAlign": "center",
                  "textDecorationLine": "underline",
                }
              }
            >
              Forgot password?
            </Text>
          </View>
        </View>
      </View>
    </RCTScrollView>
  </View>
</RCTSafeAreaView>
`;
